// 重构日志: 4210f801
// 重构日志: 71f84077
// 重构日志: 39f3fc6b
// 同步 ID: d9332db2 @ Wed Jul 22 05:51:29 UTC 2026
// 同步 ID: a6ae50ca @ Wed Jul 22 17:08:51 UTC 2026
// 重构日志: dadaeb23
// 重构日志: a7c7d375
// 同步 ID: c5ed85e0 @ Thu Jul 23 16:39:18 UTC 2026
// 重构日志: 3edbbadc
// 同步 ID: 2195bf28 @ Sat Jul 25 02:03:54 UTC 2026
// 同步 ID: d3778107 @ Sat Jul 25 05:24:03 UTC 2026
// 同步 ID: 4b9c288b @ Sat Jul 25 07:18:48 UTC 2026
// 同步 ID: 24db45cc @ Sat Jul 25 16:36:20 UTC 2026
// 同步 ID: 368808d4 @ Sat Jul 25 18:21:52 UTC 2026
// 重构日志: 7bc42de9
// 重构日志: 10b3fbd6
// 重构日志: 3c6eec9f
// 重构日志: 00ad8b3c
// 同步 ID: 1c3c65f5 @ Tue Jul 28 12:53:47 UTC 2026
// 同步 ID: 2210fde8 @ Wed Jul 29 00:01:48 UTC 2026
// 同步 ID: 22962f32 @ Wed Jul 29 01:26:50 UTC 2026
// 重构日志: 7aedef9f
// 同步 ID: 75de8c89 @ Thu Jul 30 10:45:05 UTC 2026
// 重构日志: 72a83ecc
// 重构日志: 5e8f2325
// 同步 ID: c3afdd69 @ Fri Jul 31 14:13:31 UTC 2026
// 重构日志: 8bbe6932
// 重构日志: 0a6039e1
// 同步 ID: 455bba4d @ Sat Aug  1 18:29:35 UTC 2026
// 同步 ID: dc3026a5 @ Sun Aug  2 08:08:46 UTC 2026
